time ./bodytrack-pthread ../../datasets/bodytrack/sequenceB_4 4 4 4000 5 0 8 
PARSEC Benchmark Suite
Threading with Posix Threads
Number of threads : 8
Using dataset : ../../datasets/bodytrack/sequenceB_4/
4000 particles with 5 annealing layers

Processing frame 0
Processing frame 1
Processing frame 2
Processing frame 3
9.13user 0.08system 0:01.64elapsed 559%CPU (0avgtext+0avgdata 51504maxresident)k
20832inputs+7240outputs (1major+6114minor)pagefaults 0swaps
time ./bodytrack-defaults ../../datasets/bodytrack/sequenceB_4 4 4 4000 5 0 8
Internal malloc ptr 0x100000000000Nthreadindex 0
XHEAP:ptr 0x3fc00000 start 0x40000000 end 0x240000000
Initially, startaddr 0x66d000 endaddr 0x66f000
PARSEC Benchmark Suite
Threading with Posix Threads
Number of threads : 8
threadindex 1
threadindex 2
threadindex 3
threadindex 4
threadindex 5
threadindex 6
threadindex 7
threadindex 8
threadindex 9
Big heap sz 121100
Using dataset : ../../datasets/bodytrack/sequenceB_4/
4000 particles with 5 annealing layers

Processing frame 0
Processing frame 1
Processing frame 2
Processing frame 3
Big heap free thread 7ffff7db4720 ptr 0x40e0e038
reporting start 0x66d000 end 0x66f000 cacheWrites 0x200000000000 cacheTrackings 0x200080000000
reportGlobalObjects now. globalstart 66d000 globalend 66f000
reporting start 0x40000000 end 0x42423000 cacheWrites 0x200000000000 cacheTrackings 0x200080000000
68.97user 0.77system 0:11.34elapsed 614%CPU (0avgtext+0avgdata 287760maxresident)k
1704inputs+7240outputs (6major+769minor)pagefaults 0swaps
time ./bodytrack-defaults ../../datasets/bodytrack/sequenceB_4 4 4 4000 5 0 8
Internal malloc ptr 0x100000000000Nthreadindex 0
XHEAP:ptr 0x3fc00000 start 0x40000000 end 0x240000000
Initially, startaddr 0x66d000 endaddr 0x66f000
PARSEC Benchmark Suite
Threading with Posix Threads
Number of threads : 8
threadindex 1
threadindex 2
threadindex 3
threadindex 4
threadindex 5
threadindex 6
threadindex 7
threadindex 8
threadindex 9
Big heap sz 121100
Using dataset : ../../datasets/bodytrack/sequenceB_4/
4000 particles with 5 annealing layers

Processing frame 0
Processing frame 1
Processing frame 2
Processing frame 3
Big heap free thread 7ffff7db4720 ptr 0x40e0e038
reporting start 0x66d000 end 0x66f000 cacheWrites 0x200000000000 cacheTrackings 0x200080000000
reportGlobalObjects now. globalstart 66d000 globalend 66f000
reporting start 0x40000000 end 0x42423000 cacheWrites 0x200000000000 cacheTrackings 0x200080000000
69.02user 0.68system 0:10.97elapsed 635%CPU (0avgtext+0avgdata 287760maxresident)k
0inputs+7240outputs (0major+770minor)pagefaults 0swaps
time ./bodytrack-pthread ../../datasets/bodytrack/sequenceB_4 4 4 4000 5 0 8 
PARSEC Benchmark Suite
Threading with Posix Threads
Number of threads : 8
Using dataset : ../../datasets/bodytrack/sequenceB_4/
4000 particles with 5 annealing layers

Processing frame 0
Processing frame 1
Processing frame 2
Processing frame 3
9.12user 0.06system 0:01.47elapsed 623%CPU (0avgtext+0avgdata 51184maxresident)k
0inputs+7240outputs (0major+6037minor)pagefaults 0swaps
time ./bodytrack-pthread ../../datasets/bodytrack/sequenceB_4 4 4 4000 5 0 8 
PARSEC Benchmark Suite
Threading with Posix Threads
Number of threads : 8
Using dataset : ../../datasets/bodytrack/sequenceB_4/
4000 particles with 5 annealing layers

Processing frame 0
Processing frame 1
Processing frame 2
Processing frame 3
9.14user 0.06system 0:01.46elapsed 627%CPU (0avgtext+0avgdata 51456maxresident)k
0inputs+7240outputs (0major+6053minor)pagefaults 0swaps
